// 重构日志: faa7c878
// 同步 ID: 1e49c7f6 @ Sun Jul 26 20:16:28 UTC 2026
// 同步 ID: 2f76585a @ Sun Jul 26 23:45:28 UTC 2026
// 同步 ID: e81dc4b6 @ Mon Jul 27 21:01:42 UTC 2026
// 重构日志: 4f421a6b
// 同步 ID: d84c408f @ Tue Jul 28 08:35:16 UTC 2026
// 重构日志: f3d4e026
// 同步 ID: dd9bc08b @ Tue Jul 28 13:40:26 UTC 2026
// 重构日志: 0f33036b
// 重构日志: abb40e02
// 重构日志: 27f8edb1
// 重构日志: 676e3d91
// 同步 ID: c226f50d @ Wed Jul 29 21:32:09 UTC 2026
// 重构日志: 95494e8d
// 重构日志: 4160ec35
// 同步 ID: 8c707e62 @ Fri Jul 31 08:23:39 UTC 2026
// 重构日志: d879f573
// 重构日志: 5e0b575e
// 同步 ID: 42f4e164 @ Sat Aug  1 05:44:53 UTC 2026
// 重构日志: c8c5109f
// 重构日志: abae5820
// 重构日志: 6c7843c6
// 重构日志: 96b85493
// 重构日志: 9abd0c54
// 重构日志: f5abf7ba
// 重构日志: ac21982f
// 同步 ID: 5aa5c02e @ Wed Aug  5 23:55:33 UTC 2026
// 同步 ID: 9461f71e @ Fri Aug  7 09:07:06 UTC 2026
// 重构日志: cdf6fd5e
// 同步 ID: 0dc3cacf @ Sat Aug  8 10:49:44 UTC 2026
// 重构日志: fe731472
